[root@che172rocky96 goflow2-deployment]# kubectl logs -n default deploy/goflow2
time=2025-07-23T10:50:29.723Z level=ERROR msg="error transporter" error="kafka: client has run out of available brokers to talk to: EOF for kafka transport"
[root@che172rocky96 goflow2-deployment]# kubectl get svc -n default | grep kafka
kafka                        ClusterIP   10.43.20.47     <none>        9092/TCP                                       23h
kafka-broker-headless        ClusterIP   None            <none>        9094/TCP,9092/TCP                              23h
kafka-controller-headless    ClusterIP   None            <none>        9094/TCP,9092/TCP,9093/TCP                     23h
[root@che172rocky96 goflow2-deployment]# nano goflow2-deployment.yaml
[root@che172rocky96 goflow2-deployment]# kubectl run -it --rm debug --image=busybox --restart=Never -- sh
If you don't see a command prompt, try pressing enter.
/ # nsllokup kafka
sh: nsllokup: not found
/ # nslookup kafka
Server:         10.43.0.10
Address:        10.43.0.10:53

** server can't find kafka.cluster.local: NXDOMAIN

** server can't find kafka.cluster.local: NXDOMAIN

** server can't find kafka.svc.cluster.local: NXDOMAIN


** server can't find kafka.svc.cluster.local: NXDOMAIN

Name:   kafka.default.svc.cluster.local
Address: 10.43.20.47

** server can't find kafka.che.aricent.com: NXDOMAIN

** server can't find kafka.che.aricent.com: NXDOMAIN

/ # kubectl get pods -n default | grep kafka
sh: kubectl: not found
/ # exit
pod "debug" deleted
pod default/debug terminated (Error)
[root@che172rocky96 goflow2-deployment]# kubectl get pods -n default | grep kafka
kafka-broker-0                      1/1     Running            0              23h
kafka-controller-0                  1/1     Running            0              23
